abandon 
ability 
able 
abor tion 
about 
above 
abroad 
absence 
ab so l ute 
ab so l ute ly 
abs orb 
abuse 
ac ade mic 
acc ep t 
access 
accident 
acco m pan y 
acco m pl ish 
according 
account 
accurate 
accuse 
achieve 
achievement 
acid 
a ck no w ledge 
ac quire 
ac ros s 
act 
action 
active 
activist 
activity 
actor 
actress 
actual 
actually 
ad 
ad ap t 
add 
addition 
additional 
address 
adequate 
adjust 
adjustment 
administration 
administrator 
admire 
admission 
adm it 
ado les cent 
adopt 
adult 
adv anc e 
advanced 
advantage 
advent ure 
advertis ing 
ad vice 
advise 
adviser 
advocate 
af fair 
af fe ct 
af for d 
a fra id 
af r ican 
af r ican - amer ican 
after 
afternoon 
aga in 
aga inst 
age 
agency 
agenda 
agent 
aggressive 
ago 
agre e 
agreement 
ag r icultural 
ah 
ahead 
aid 
aide 
aids 
aim 
air 
air cra ft 
airline 
air por t 
al bu m 
al co ho l 
alive 
all 
all ian ce 
allow 
ally 
al mo st 
alone 
along 
already 
also 
alter 
alternative 
alth oug h 
al wa ys 
am 
ama zing 
amer ican 
among 
amount 
analysis 
analyst 
analyze 
ancient 
and 
anger 
angle 
angry 
animal 
ann ivers a ry 
announce 
annual 
another 
answer 
anticipate 
anx ie ty 
any 
any bo dy 
an ym ore 
anyone 
an yth ing 
any wa y 
anywhere 
a par t 
a par t ment 
ap parent 
ap parent ly 
ap pe al 
ap pe ar 
ap pe ar anc e 
ap ple 
ap pl ication 
ap pl y 
ap point 
ap point ment 
ap pre ci ate 
ap pro a ch 
ap pro pri ate 
ap pro val 
ap prove 
ap prox im at el y 
arab 
arch ite ct 
area 
ar gue 
ar gu ment 
arise 
arm 
armed 
army 
around 
arrang e 
arrangement 
arrest 
arrival 
ar rive 
art 
article 
artist 
artistic 
as 
asian 
aside 
ask 
asleep 
aspect 
assault 
assert 
assess 
assessment 
asse t 
assign 
assignment 
assist 
assist anc e 
assistant 
associate 
association 
ass u me 
ass ump tion 
assure 
at 
athlete 
athletic 
at mo sphere 
atta ch 
atta ck 
at te mp t 
attend 
attention 
attitude 
attorney 
attr act 
attr active 
attribute 
aud ien ce 
author 
authority 
auto 
ava il able 
average 
avoid 
aw ard 
aware 
awareness 
awa y 
awful 
baby 
ba ck 
ba ck gr ound 
bad 
badly 
bag 
bake 
bal anc e 
ball 
ban 
band 
ban k 
bar 
b arel y 
barrel 
barrier 
base 
baseball 
basic 
basic ally 
basis 
bas ke t 
bas ke t ball 
bathroom 
battery 
battle 
be 
be a ch 
bean 
bear 
beat 
beautiful 
beauty 
bec a use 
be co me 
bed 
bedroom 
beer 
b ef ore 
begin 
beg inn ing 
behavior 
be hind 
being 
belief 
believe 
bell 
belong 
below 
belt 
bench 
bend 
beneath 
benefit 
beside 
b esides 
best 
bet 
be tt er 
between 
beyond 
bible 
big 
bike 
bill 
billion 
bind 
bio logical 
bird 
birth 
birth da y 
bit 
bite 
bl a ck 
blade 
blame 
bl anke t 
blind 
block 
bl oo d 
blow 
blue 
board 
boat 
bo dy 
bo mb 
bo mb ing 
bond 
bone 
bo ok 
boo m 
boo t 
bor der 
bor n 
bor row 
bo ss 
bo th 
bother 
bo ttle 
bo tto m 
bound a ry 
bo wl 
bo x 
bo y 
bo y friend 
brain 
branch 
brand 
bread 
break 
breakfast 
breast 
breath 
breathe 
brick 
bridge 
brief 
briefly 
bright 
brill ian t 
bring 
b rit ish 
broad 
broken 
brother 
brown 
brush 
buck 
budget 
build 
building 
bu l let 
bun ch 
burden 
burn 
bury 
bus 
business 
busy 
but 
butter 
button 
buy 
buyer 
by 
cabin 
cab ine t 
cable 
cake 
calculate 
call 
camera 
cam p 
cam p aign 
cam pus 
can 
canadian 
cancer 
candidate 
cap 
capability 
capable 
capacity 
capital 
cap tain 
cap t ure 
car 
carbon 
car d 
care 
career 
careful 
carefully 
carrier 
carry 
case 
cash 
cast 
cat 
catch 
cat eg ory 
cath o lic 
ca use 
ceiling 
cele brate 
celebr ation 
celebrity 
cell 
center 
central 
century 
ce o 
ceremony 
certain 
certainly 
chain 
chair 
chairman 
challeng e 
ch amb er 
cham p ion 
cham p ions hip 
ch anc e 
chang e 
changing 
ch anne l 
chapter 
character 
characteristic 
characterize 
charge 
ch arity 
chart 
chase 
cheap 
check 
cheek 
cheese 
chef 
chemical 
chest 
chicken 
chief 
child 
child h oo d 
chinese 
chip 
ch oco late 
choice 
cho lest ero l 
choose 
christian 
christmas 
church 
cigarette 
circle 
circumst anc e 
cite 
citizen 
city 
civil 
civilian 
claim 
class 
classic 
classroom 
clean 
clear 
cle arl y 
client 
climate 
climb 
clinic 
clinical 
clock 
close 
closely 
clo ser 
clo the s 
clo thing 
cloud 
club 
clue 
cluster 
co a ch 
coal 
coalition 
coast 
coat 
co de 
coffee 
cognitive 
co ld 
collapse 
co l league 
co l lect 
co l lection 
co l lect ive 
co l leg e 
co lon ial 
co lor 
co lu mn 
co mb ination 
co mb ine 
co me 
co med y 
co m fort 
co m fortable 
co mm and 
co mm ander 
co m ment 
co m mercial 
co m mission 
co mm it 
co mm it ment 
co mm ittee 
co m mon 
co mm un icate 
co mm un ication 
co mm unity 
co m pan y 
co mp are 
co m par ison 
co m pe te 
co m pe t ition 
co m pe t itive 
co m pe t itor 
co m plain 
co m pl a int 
co m plete 
co m plete ly 
co m plex 
co m pl icated 
co mp onent 
co m pose 
co m po s ition 
co m pre hens ive 
co m puter 
concent rat e 
con centr ation 
conc ep t 
concern 
conc er ned 
concert 
conclude 
conclusion 
con crete 
condition 
conduct 
conference 
confidence 
confident 
con firm 
con fl ict 
conf ron t 
confusion 
congress 
congressional 
con ne ct 
con ne ction 
consciousness 
cons en sus 
consequence 
conservative 
consider 
considerable 
consideration 
consist 
consistent 
con stant 
con stant ly 
constitute 
constitutional 
con str uct 
construction 
consultant 
cons u me 
cons u mer 
cons ump tion 
contact 
contain 
cont a iner 
con te mp ora ry 
content 
contest 
context 
continue 
continued 
contr act 
contra st 
contribute 
contribution 
control 
controversial 
controversy 
conv ention 
conv ention al 
conversation 
convert 
conviction 
convince 
co ok 
co ok ie 
co oking 
cool 
cooperation 
cop 
co pe 
copy 
co re 
corn 
corn er 
corp orate 
corp oration 
correct 
cor res pond ent 
co st 
co tt on 
couch 
could 
council 
counselor 
count 
count er 
country 
county 
couple 
c ourage 
course 
court 
cousin 
cover 
coverage 
co w 
cra ck 
cra ft 
crash 
crazy 
cream 
creat e 
creation 
creative 
creature 
credit 
crew 
crime 
criminal 
crisis 
criteria 
critic 
critical 
crit icism 
criticize 
crop 
c ros s 
crowd 
cr uc ial 
cry 
cultural 
culture 
cup 
c urious 
current 
currently 
curric u lu m 
cust om 
cust o mer 
cut 
cycle 
dad 
da il y 
damage 
d anc e 
danger 
dangerous 
dare 
dar k 
dar k ness 
data 
date 
da ug h ter 
da y 
dead 
deal 
dealer 
d ear 
death 
de bat e 
debt 
decade 
decide 
decision 
deck 
de clare 
decline 
decrease 
d ee p 
d ee pl y 
deer 
defeat 
defend 
defendant 
defense 
defensive 
deficit 
define 
def inite ly 
definition 
de gre e 
d ela y 
deliver 
delivery 
demand 
democracy 
democrat 
democratic 
demon st rat e 
demonstr ation 
deny 
de par t ment 
depend 
dependent 
depend ing 
depict 
depression 
depth 
de put y 
derive 
desc ribe 
desc rip tion 
desert 
deserve 
design 
designer 
desire 
desk 
desperate 
despite 
destroy 
destruction 
detail 
det a iled 
de te ct 
de ter mine 
develop 
developing 
development 
device 
dev o te 
dialogue 
die 
die t 
differ 
difference 
different 
differently 
difficult 
diff ic ul ty 
dig 
digit al 
d imen s ion 
dining 
d inn er 
direct 
direction 
directly 
director 
dirt 
dirty 
disability 
dis agre e 
dis ap pe ar 
dis ast er 
discipline 
discourse 
d iscover 
d iscovery 
discrimination 
discuss 
discussion 
d ise ase 
dish 
d ism iss 
disorder 
displ ay 
dispute 
dist anc e 
d istant 
distinct 
distinction 
dist in gu ish 
distribute 
distribution 
district 
diverse 
diversity 
divide 
division 
divorce 
d na 
do 
doctor 
doc u ment 
dog 
do m estic 
do min ant 
do min ate 
door 
doub le 
doubt 
down 
do w nt own 
dozen 
draft 
drag 
dr ama 
dr am atic 
dr am atic ally 
draw 
drawing 
dream 
dress 
drink 
drive 
driver 
drop 
dr ug 
dry 
due 
during 
dust 
duty 
ea ch 
eager 
ear 
earl y 
earn 
earn in gs 
earth 
ease 
eas il y 
east 
east ern 
easy 
eat 
e con o mic 
economics 
e con o mist 
e con o my 
edge 
edition 
editor 
educate 
education 
educational 
educator 
ef fe ct 
ef fe ctive 
ef fe ctive ly 
ef f ic ien cy 
ef f icient 
ef fort 
egg 
eight 
either 
elderly 
elect 
election 
electric 
electr icity 
electronic 
element 
element a ry 
eliminate 
elite 
else 
elsewhere 
e - ma il 
embrace 
emerge 
emergency 
emission 
emotion 
emotional 
emphasis 
emphasize 
empl oy 
empl oy ee 
empl o yer 
empl o ym ent 
emp ty 
enable 
en count er 
encourage 
end 
enemy 
energ y 
en for cement 
engage 
engine 
engineer 
engineering 
english 
enh anc e 
en jo y 
enormous 
en oug h 
ensure 
enter 
enterprise 
entert ainment 
entire 
entirely 
entr anc e 
entry 
environment 
en viron mental 
ep iso de 
equal 
equally 
equipment 
era 
er ro r 
escape 
especially 
essa y 
essential 
essentially 
establish 
establishment 
estate 
estim ate 
etc 
ethics 
ethnic 
european 
evaluate 
evaluation 
ev en 
ev ening 
event 
eventually 
ever 
every 
every bo dy 
every da y 
everyone 
everything 
everywhere 
evidence 
evolution 
evolve 
exact 
exactly 
examination 
ex amine 
example 
exc eed 
excellent 
exc ep t 
exc ep tion 
exch ang e 
ex citing 
executive 
exercise 
exhibit 
exhibition 
exist 
existence 
existing 
expand 
ex pan s ion 
expect 
expectation 
expense 
ex pen s ive 
experien ce 
experiment 
ex pert 
explain 
explanation 
explo de 
explo re 
explo s ion 
ex pose 
ex po sure 
express 
expression 
extend 
extension 
extensive 
extent 
ext ernal 
extra 
extraord ina ry 
extreme 
extrem el y 
eye 
fabric 
face 
facility 
fact 
factor 
f actory 
fac ul ty 
fade 
fa il 
fa il ure 
fair 
fairly 
faith 
fall 
fam ilia r 
fam il y 
famous 
fan 
fantasy 
far 
farm 
farmer 
fashion 
fast 
fat 
fate 
father 
fault 
favor 
favorite 
fear 
feature 
federal 
fee 
feed 
feel 
feeling 
fe ll ow 
female 
fence 
few 
fewer 
fib er 
fiction 
field 
fifteen 
fifth 
f ifty 
fight 
fight er 
fighting 
figure 
file 
fill 
film 
final 
finally 
fin anc e 
financial 
find 
finding 
fine 
fin ger 
finish 
fire 
firm 
first 
fish 
f is hing 
fit 
fitness 
five 
fix 
flag 
flame 
flat 
flavor 
f lee 
flesh 
flight 
float 
floor 
flow 
flower 
fl y 
focus 
fo l k 
follow 
f ollo win g 
foo d 
foo t 
foo t ball 
for 
force 
fo reign 
fo rest 
fo rever 
forget 
form 
formal 
formation 
former 
form u la 
forth 
fortun e 
for war d 
found 
foundation 
founder 
four 
fourth 
frame 
fr am ework 
fre e 
f reed om 
fre ez e 
french 
frequency 
f requent 
f requently 
fresh 
friend 
friendly 
friendship 
fro m 
f ron t 
fr uit 
frustration 
fue l 
full 
fully 
fun 
function 
fund 
fundamental 
funding 
funeral 
funny 
furniture 
further mo re 
future 
gain 
gal a xy 
gallery 
game 
gan g 
gap 
garage 
gar den 
garlic 
gas 
gate 
gather 
ga y 
ga ze 
gear 
gender 
gene 
gen eral 
generally 
generate 
generation 
gene tic 
gentleman 
gently 
g erman 
gesture 
get 
g ho st 
gian t 
gift 
gift ed 
girl 
girlfriend 
give 
given 
glad 
gl anc e 
glass 
global 
glove 
go 
goal 
go d 
gold 
golden 
go lf 
good 
government 
governor 
grab 
grade 
gradually 
graduate 
grain 
grand 
grandfather 
grandmother 
grant 
grass 
gr ave 
gray 
great 
greatest 
green 
g roc ery 
gr ound 
gr oup 
grow 
gro win g 
growth 
gu aran tee 
guard 
guess 
guest 
guide 
guide line 
guilty 
gun 
guy 
habit 
habitat 
hair 
hal f 
hall 
hand 
handful 
handle 
hang 
hap pen 
hap py 
har d 
har d ly 
hat 
hat e 
have 
he 
head 
headline 
head quart ers 
health 
healthy 
hear 
hear ing 
hear t 
heat 
heav en 
heav il y 
heavy 
heel 
height 
helic opter 
hell 
hello 
help 
helpful 
her 
here 
heritage 
hero 
herself 
hey 
hi 
hide 
high 
highlight 
highly 
high wa y 
hill 
him 
himself 
hip 
hire 
his 
hist o rian 
historic 
historical 
history 
hit 
hold 
hole 
ho l ida y 
ho ly 
ho me 
ho m eless 
h onest 
honey 
honor 
ho pe 
ho ri zon 
hor ro r 
horse 
ho sp ital 
ho st 
ho t 
ho te l 
hour 
house 
household 
housing 
ho w 
ho we ver 
hug e 
hu man 
hu mor 
hundred 
hungry 
hunt er 
hunt ing 
hurt 
husband 
hyp o thesis 
i 
ice 
idea 
ideal 
identification 
identify 
id entity 
ie 
if 
ignore 
ill 
illegal 
illness 
illust rat e 
image 
imagination 
imagine 
im med iat e 
im med iat el y 
immigrant 
imm igr ation 
impact 
implement 
implication 
impl y 
imp ort anc e 
imp or tant 
impose 
im po ss ible 
im press 
impression 
impressive 
im prove 
im prove ment 
in 
incentive 
incident 
include 
including 
in co me 
in corp orate 
increase 
increased 
increasing 
incre asin gl y 
in credible 
indeed 
independence 
independent 
index 
indian 
indicate 
indication 
individual 
industrial 
industry 
in fant 
in fe ction 
in flation 
influence 
inform 
inform ation 
ingredient 
initial 
initi ally 
initiative 
injury 
inn er 
innocent 
inquiry 
inside 
in sight 
insist 
insp ire 
install 
inst anc e 
instead 
institution 
institutional 
instruction 
inst ru ctor 
inst ru ment 
in sur anc e 
intellectual 
intelligence 
intend 
intense 
intensity 
intention 
int er action 
interest 
interested 
interesting 
int ernal 
int er national 
int er ne t 
int er pret 
int er pret ation 
int erv ention 
int erv iew 
into 
int rod uc e 
introduction 
invasion 
invest 
invest igate 
investigation 
invest igator 
investment 
investor 
invite 
in vo l ve 
in vo l ved 
in vo l ve ment 
ira qi 
irish 
iron 
isl amic 
island 
israeli 
issue 
it 
italian 
ite m 
its 
itself 
jac ke t 
jail 
j apan ese 
jet 
jew 
jewish 
job 
join 
joint 
joke 
journal 
journalist 
journey 
jo y 
judge 
judgment 
juice 
ju mp 
junior 
jury 
just 
justice 
justify 
keep 
key 
kick 
kid 
kill 
killer 
killing 
kind 
king 
kiss 
kit che n 
k nee 
knife 
knock 
k no w 
k no w ledge 
lab 
label 
l abor 
l abor atory 
la ck 
lady 
lake 
land 
landsc ape 
language 
lap 
large 
lar gel y 
last 
late 
later 
l atin 
latter 
la ug h 
launch 
law 
lawn 
lawsuit 
lawyer 
la y 
la yer 
lead 
leader 
leadership 
leading 
leaf 
league 
lean 
learn 
learn ing 
least 
leather 
leave 
left 
leg 
legacy 
legal 
legend 
legislation 
legitimate 
lemon 
length 
less 
lesson 
let 
lett er 
level 
lib eral 
lib ra ry 
license 
lie 
life 
l ifestyle 
life time 
lift 
light 
like 
likely 
limit 
limitation 
limited 
line 
lin k 
lip 
list 
listen 
literally 
lit era ry 
literature 
little 
live 
living 
load 
loan 
local 
l ocate 
location 
lock 
long 
long - term 
loo k 
loose 
lose 
lo ss 
lo st 
lo t 
lo ts 
loud 
lo ve 
lo vel y 
l over 
lo w 
lo wer 
luck 
lucky 
lun ch 
lung 
ma ch ine 
mad 
m aga z ine 
ma il 
ma in 
ma in ly 
ma int ain 
ma int en anc e 
major 
majority 
make 
ma ker 
makeup 
ma le 
mall 
man 
manage 
manage ment 
manager 
mann er 
manufacturer 
manufacturing 
many 
map 
mar gin 
mar k 
mar ke t 
mar ke ting 
marriage 
married 
marry 
mas k 
mass 
massive 
mast er 
match 
material 
math 
matter 
ma y 
ma y be 
ma y or 
me 
meal 
mean 
meaning 
meanwhile 
measure 
measurement 
meat 
mech anism 
media 
medical 
medication 
medicine 
med iu m 
meet 
meeting 
member 
membership 
memory 
mental 
mention 
menu 
mere 
merely 
mess 
message 
me tal 
me ter 
me th od 
m ex ican 
middle 
might 
mil ita ry 
milk 
million 
mind 
mine 
minist er 
minor 
min ority 
minute 
miracle 
mir ro r 
miss 
missile 
mission 
mistake 
mix 
mixture 
mm - h mm 
mo de 
mo del 
mo der ate 
mo der n 
mo dest 
mo m 
mo ment 
money 
monitor 
month 
m oo d 
moon 
moral 
mo re 
mo re over 
morning 
mor t gage 
mo st 
mo st ly 
mother 
mo tion 
mo t ivation 
mo tor 
mount 
mountain 
mouse 
mouth 
mo ve 
mo ve ment 
mo v ie 
mr 
mrs 
ms 
much 
multiple 
murd er 
muscle 
museum 
music 
musical 
mus ician 
muslim 
must 
mutual 
my 
myself 
myst ery 
myth 
na ked 
name 
narrative 
narrow 
nation 
national 
native 
natural 
naturally 
nature 
ne ar 
ne ar by 
ne arl y 
necess ar il y 
nec essa ry 
neck 
need 
negative 
ne go t iat e 
ne go t iation 
neighbor 
neighbor h oo d 
neither 
nerve 
nervous 
ne t 
ne t work 
never 
nevertheless 
new 
newly 
news 
newsp a per 
next 
nice 
night 
nine 
no 
nobody 
no d 
noise 
no mination 
none 
none theless 
nor 
normal 
normally 
nor th 
nor ther n 
nose 
no t 
no te 
no thing 
no t ice 
no tion 
novel 
no w 
no where 
n â € ™ t 
nucle ar 
n umb er 
nu mer ous 
nurse 
nut 
ob je ct 
ob je ctive 
obl igation 
observation 
observe 
observer 
obtain 
obvious 
obviously 
occasion 
occasionally 
occupation 
occupy 
occur 
oc ean 
odd 
od ds 
of 
off 
offense 
offensive 
offer 
office 
officer 
official 
often 
oh 
oil 
ok 
oka y 
old 
ol ym pic 
on 
once 
one 
ongo ing 
onion 
online 
only 
onto 
open 
opening 
operate 
oper atin g 
operation 
operator 
opinion 
op p onent 
op por tun ity 
op pose 
op po site 
op po s ition 
opt ion 
or 
or ang e 
order 
ord ina ry 
organic 
organization 
organize 
orientation 
origin 
original 
originally 
other 
others 
otherwise 
oug ht 
our 
ourselves 
out 
out co me 
outside 
oven 
over 
overall 
over co me 
overl oo k 
owe 
own 
owner 
pace 
pa ck 
pa ck age 
page 
pa in 
pa inf ul 
pa int 
pa int er 
pa int ing 
pair 
pa le 
palestinian 
palm 
pan 
panel 
pant 
pa per 
parent 
par k 
par king 
par t 
par t icip ant 
par t icip ate 
par t icip ation 
par tic ular 
par tic ul arl y 
par t ly 
par t ner 
par t ners hip 
par ty 
pass 
passage 
pass eng er 
passion 
past 
patch 
path 
patient 
pattern 
pa use 
pa y 
pa ym ent 
pc 
peace 
peak 
peer 
penalty 
people 
pe p per 
per 
perceive 
percentage 
per c ep tion 
per fe ct 
per fe ct ly 
perform 
perform anc e 
perhaps 
per io d 
permanent 
permission 
permit 
person 
personal 
personality 
personally 
person ne l 
perspective 
persuade 
pe t 
phase 
phe no men on 
ph ilo so phy 
phone 
ph o to 
photograph 
photographer 
phrase 
physical 
physically 
physician 
piano 
pick 
picture 
pie 
piece 
pile 
pilot 
pine 
pin k 
pip e 
pit ch 
place 
plan 
plane 
plane t 
planning 
plant 
plastic 
plate 
platform 
play 
pl a yer 
please 
pleasure 
plenty 
plot 
plus 
pm 
p oc ke t 
poem 
poet 
poetry 
point 
pole 
po l ice 
po lic y 
po lit ical 
po l itic ally 
po lit ician 
po lit ics 
poll 
pollution 
p oo l 
poor 
pop 
popular 
pop u lation 
porch 
por t 
por tion 
por trait 
por tra y 
pose 
po s ition 
po s itive 
po ss ess 
po ss ibility 
po ss ible 
po ss ibl y 
po st 
po t 
po t ato 
po t ential 
po tent ially 
pound 
pour 
p overty 
po w der 
po wer 
po wer ful 
pr act ical 
pr act ice 
pray 
pr a yer 
precisely 
p redict 
prefer 
preference 
p regn anc y 
p reg nant 
preparation 
prepare 
p resc rip tion 
presence 
present 
presentation 
p reserve 
p resid ent 
p resid ential 
press 
pressure 
pretend 
prett y 
prevent 
previous 
previously 
price 
pride 
priest 
prim ar il y 
pr ima ry 
prime 
principal 
principle 
print 
prior 
priority 
prison 
prisoner 
privacy 
private 
pro bab ly 
problem 
procedure 
proc eed 
process 
prod uc e 
prod ucer 
product 
production 
profession 
professional 
professor 
profile 
pro fit 
program 
progress 
pro je ct 
pro minent 
pro m ise 
pro mo te 
pro mp t 
proof 
proper 
properly 
property 
pro por tion 
pro po sal 
pro pose 
pro po sed 
prosecutor 
prospect 
prote ct 
prote ction 
protein 
pro test 
pr oud 
prove 
provide 
provider 
province 
pro vision 
psycho logical 
psycho log ist 
psycho log y 
pu bl ic 
pu bl ication 
pu bl ic ly 
pu bl ish 
pu bl isher 
pull 
pun ishment 
p urchase 
pure 
purpose 
p urs ue 
push 
put 
qualify 
quality 
quarter 
quarter ba ck 
question 
quick 
quickly 
qu ie t 
qu ie t ly 
quit 
quite 
quo te 
race 
racial 
radical 
radio 
rail 
ra in 
raise 
rang e 
ran k 
rapid 
rapidly 
rare 
rarely 
rat e 
rather 
rat ing 
ratio 
raw 
rea ch 
react 
reaction 
read 
reader 
reading 
ready 
real 
reality 
realize 
really 
reason 
reasonable 
recall 
re ceive 
recent 
recent ly 
recip e 
recognition 
recognize 
re co mm end 
re co mm end ation 
record 
recording 
re cover 
re co very 
re cr uit 
red 
red uc e 
reduction 
refer 
reference 
reflect 
reflection 
reform 
ref ug ee 
refuse 
regard 
regarding 
regardless 
regime 
region 
regional 
regist er 
regular 
regul arl y 
regulate 
reg u lation 
reinforce 
re je ct 
relate 
relation 
relationship 
relative 
rel atively 
relax 
rele ase 
relevant 
relief 
religion 
religious 
rel y 
remain 
rem a ining 
remarkable 
remember 
remind 
rem o te 
remove 
repeat 
repeatedly 
replace 
repl y 
report 
reporter 
represent 
representation 
representative 
rep u bl ican 
re put ation 
request 
require 
requ irement 
resear ch 
researcher 
resemb le 
res ervation 
resid ent 
resist 
resist anc e 
re so l ution 
re so l ve 
resort 
resource 
respect 
res pond 
res pond ent 
response 
responsibility 
responsible 
rest 
restaurant 
restore 
restriction 
result 
retain 
retire 
retirement 
return 
reveal 
reven ue 
review 
re vo l ution 
rhythm 
rice 
rich 
rid 
ride 
rifle 
right 
rin g 
rise 
risk 
river 
road 
rock 
role 
roll 
ro man tic 
roof 
room 
root 
rope 
rose 
rough 
rou g hl y 
round 
route 
routine 
row 
ru b 
rule 
run 
running 
rural 
rush 
r ussian 
sacred 
sad 
sa fe 
sa fe ty 
s ake 
salad 
sal a ry 
sa le 
sales 
sal t 
same 
sample 
sanction 
sand 
satellite 
s atisf action 
s atisf y 
sa uc e 
save 
saving 
sa y 
scale 
scandal 
scare d 
scen a rio 
scene 
sche d ule 
scheme 
scholar 
scholar ship 
sch oo l 
science 
scientific 
scientist 
s co pe 
s co re 
scream 
screen 
sc rip t 
sea 
sear ch 
season 
seat 
second 
secret 
secret a ry 
section 
sector 
secure 
security 
see 
seed 
seek 
seem 
segment 
seize 
select 
selection 
self 
sell 
senate 
senator 
send 
senior 
sense 
sen s itive 
sentence 
separate 
sequence 
series 
serious 
seriously 
serve 
service 
session 
se t 
se tt ing 
se ttle 
se tt lement 
seven 
several 
severe 
sex 
sexual 
shade 
shadow 
shake 
shall 
sha pe 
share 
sharp 
she 
sheet 
shelf 
shell 
s hel ter 
shift 
shine 
ship 
shirt 
shit 
shock 
shoe 
sh oo t 
sh oo ting 
shop 
shop pin g 
sho re 
short 
shortly 
sho t 
should 
sh oulder 
shout 
show 
shower 
shrug 
shut 
sick 
side 
sigh 
sight 
sign 
signal 
signific anc e 
significant 
significantly 
silence 
silent 
silver 
similar 
similarly 
simple 
simpl y 
sin 
since 
sing 
s inger 
single 
sin k 
sir 
s ist er 
sit 
site 
situation 
six 
size 
ski 
skill 
skin 
sky 
slave 
sleep 
slice 
slide 
s light 
s lightly 
slip 
s lo w 
s lo w ly 
small 
s mar t 
s mell 
smile 
smoke 
sm oo th 
snap 
s no w 
so 
so - called 
s occ er 
social 
soc ie ty 
soft 
sof tw are 
soil 
so lar 
soldier 
so lid 
so l ution 
so l ve 
so me 
so me bo dy 
so me ho w 
so me one 
so me thing 
so me times 
so m ew hat 
so m ew here 
son 
song 
soon 
so ph istic ated 
sorry 
sor t 
soul 
sound 
soup 
source 
south 
southern 
sov ie t 
space 
spanish 
speak 
spe a ker 
special 
specialist 
species 
specific 
specifically 
speech 
speed 
spend 
spending 
spin 
spirit 
spiritual 
split 
spo kes man 
sport 
spot 
spread 
spring 
square 
squeeze 
stability 
stable 
st af f 
stage 
stair 
stake 
stand 
standard 
standing 
star 
stare 
start 
state 
statement 
station 
statistics 
status 
stay 
steady 
steal 
steel 
step 
stick 
still 
stir 
stock 
sto ma ch 
stone 
stop 
storage 
sto re 
storm 
story 
straight 
strang e 
strang er 
st rat eg ic 
st rat e gy 
stream 
street 
stren g th 
stren g then 
stress 
stretch 
strike 
st rin g 
strip 
stroke 
strong 
strongly 
str uct ure 
str uggle 
student 
studio 
study 
st uf f 
stupid 
style 
sub je ct 
submit 
subsequent 
subst anc e 
sub stantial 
s uc c eed 
s uc cess 
s uc cess ful 
s uc cess fully 
such 
s udden 
s uddenly 
s ue 
su f fer 
suff icient 
s ugar 
s ugg est 
s ugg est ion 
suicide 
suit 
su m mer 
su mm it 
sun 
super 
sup pl y 
sup por t 
sup p orter 
sup pose 
sup po sed 
supreme 
sure 
surely 
surface 
s urg ery 
surprise 
surprised 
surprising 
surpr isin gl y 
surround 
survey 
survival 
survive 
survivor 
suspect 
s ustain 
s wear 
sweep 
sweet 
swim 
swing 
switch 
symbol 
symp tom 
system 
table 
tab les poon 
tactic 
ta il 
take 
ta le 
talent 
talk 
tall 
tank 
tap 
ta pe 
tar get 
task 
ta ste 
tax 
tax pa yer 
tea 
tea ch 
teacher 
tea ching 
team 
te ar 
teaspoon 
technical 
technique 
techno log y 
teen 
teenager 
telephone 
te les co pe 
tele vision 
tell 
te m perature 
te mp ora ry 
ten 
tend 
tendency 
tennis 
ten s ion 
tent 
term 
terms 
terrible 
territory 
ter ro r 
ter ro r ism 
ter ro rist 
test 
testify 
t estim ony 
testing 
text 
than 
thank 
thanks 
that 
the 
theater 
their 
them 
theme 
themselves 
then 
theory 
therapy 
there 
the ref ore 
these 
they 
thick 
thin 
thing 
think 
thin king 
third 
thirty 
this 
those 
th oug h 
th oug ht 
thousand 
threat 
threaten 
three 
throat 
through 
throughout 
throw 
thus 
tic ke t 
tie 
tight 
time 
tiny 
tip 
tire 
tire d 
tissue 
title 
to 
t ob acco 
to da y 
toe 
together 
tomato 
tomorrow 
tone 
tongue 
tonight 
too 
too l 
too th 
top 
topic 
toss 
total 
totally 
touch 
toug h 
tour 
tourist 
tournament 
to war d 
to war ds 
tower 
town 
toy 
trace 
tra ck 
trade 
tradition 
traditional 
traffic 
tr ag edy 
trail 
tra in 
tra ining 
transfer 
transform 
transform ation 
transition 
tr an slate 
tr an sport ation 
travel 
treat 
treatment 
treaty 
tree 
t rem end ous 
t rend 
trial 
tribe 
trick 
trip 
troop 
tr ouble 
truck 
tr ul y 
trust 
truth 
try 
tu be 
tun ne l 
turn 
tv 
t wel ve 
twenty 
twice 
twin 
two 
type 
typical 
ty pic ally 
ug ly 
ultimate 
ult im at el y 
unable 
uncle 
under 
undergo 
understand 
understanding 
un fortun at el y 
uniform 
union 
unique 
unit 
united 
universal 
universe 
university 
unknown 
unless 
unlike 
unlikely 
until 
unusual 
up 
upon 
up per 
urban 
urg e 
us 
use 
used 
useful 
user 
usual 
usually 
utility 
vacation 
valley 
valuable 
value 
va ri able 
va ri ation 
va rie ty 
va rious 
va ry 
vast 
vegetable 
vehicle 
venture 
version 
versus 
very 
ves sel 
veteran 
via 
victim 
victory 
video 
view 
viewer 
village 
v io late 
v io lation 
v io l ence 
v io lent 
virtually 
virtue 
v irus 
visible 
vision 
visit 
visitor 
visual 
vit al 
voice 
vo lu me 
vo l unt eer 
vo te 
vo ter 
vs 
vulnerable 
wage 
wait 
wake 
wal k 
wall 
wander 
want 
war 
warm 
warn 
warn ing 
wash 
wa ste 
watch 
water 
wave 
wa y 
we 
weak 
wealth 
wealthy 
weapon 
wear 
weather 
wedding 
week 
weekend 
weekly 
weigh 
weight 
wel co me 
welfare 
well 
west 
west ern 
we t 
what 
what ever 
wheel 
when 
whenever 
where 
whereas 
whether 
which 
while 
whisper 
white 
who 
whole 
who m 
whose 
why 
wide 
widely 
w ides pre ad 
wife 
wild 
will 
willing 
win 
wind 
window 
wine 
win g 
winner 
w int er 
wip e 
wire 
w is do m 
wise 
wish 
with 
withdraw 
within 
without 
witness 
wo man 
wonder 
wonderful 
woo d 
woo den 
word 
work 
worker 
working 
works 
workshop 
world 
worried 
worry 
worth 
would 
wound 
wrap 
write 
writer 
writing 
wrong 
yard 
ye ah 
year 
ye ll 
ye ll ow 
yes 
y est er da y 
yet 
yield 
you 
y oun g 
your 
yours 
yourself 
y outh 
zone 
